0 verbose cli /.sprite/languages/node/nvm/versions/node/v24.18.0/bin/node /.sprite/languages/node/nvm/versions/node/v24.18.0/bin/npm
1 info using npm@12.0.1
2 info using node@v24.18.0
3 silly config load:file:/.sprite/languages/node/nvm/versions/node/v24.18.0/lib/node_modules/npm/npmrc
4 silly config load:file:/home/sprite/.npmrc
5 silly config load:file:/.sprite/languages/node/nvm/versions/node/v24.18.0/etc/npmrc
6 verbose title npm run typecheck
7 verbose argv "run" "typecheck"
8 verbose logfile logs-max:10 dir:/home/sprite/.npm/_logs/2026-09-18T15_16_37_155Z-
9 verbose logfile /home/sprite/.npm/_logs/2026-09-18T15_16_37_155Z-debug-0.log
10 silly logfile start cleaning logs, removing 1 files
11 silly logfile done cleaning log files
12 verbose stack Error: Missing script: "typecheck"
12 verbose stack
12 verbose stack To see a list of scripts, run:
12 verbose stack   npm run
12 verbose stack     at #run (/.sprite/languages/node/nvm/versions/node/v24.18.0/lib/node_modules/npm/lib/commands/run.js:114:13)
12 verbose stack     at async RunScript.exec (/.sprite/languages/node/nvm/versions/node/v24.18.0/lib/node_modules/npm/lib/commands/run.js:44:7)
12 verbose stack     at async Npm.exec (/.sprite/languages/node/nvm/versions/node/v24.18.0/lib/node_modules/npm/lib/npm.js:194:9)
12 verbose stack     at async module.exports (/.sprite/languages/node/nvm/versions/node/v24.18.0/lib/node_modules/npm/lib/cli/entry.js:67:5)
13 error Missing script: "typecheck"
13 error
13 error To see a list of scripts, run:
13 error   npm run
14 verbose cwd /home/sprite
15 verbose os Linux 6.12.91-fly
16 verbose node v24.18.0
17 verbose npm  v12.0.1
18 verbose exit 1
19 verbose code 1
20 error A complete log of this run can be found in: /home/sprite/.npm/_logs/2026-09-18T15_16_37_155Z-debug-0.log
