0 verbose cli /.sprite/languages/node/nvm/versions/node/v24.18.0/bin/node /.sprite/languages/node/nvm/versions/node/v24.18.0/bin/npm
1 info using npm@12.0.1
2 info using node@v24.18.0
3 silly config load:file:/.sprite/languages/node/nvm/versions/node/v24.18.0/lib/node_modules/npm/npmrc
4 silly config load:file:/home/sprite/.npmrc
5 silly config load:file:/.sprite/languages/node/nvm/versions/node/v24.18.0/etc/npmrc
6 verbose title npm run typecheck
7 verbose argv "run" "typecheck"
8 verbose logfile logs-max:10 dir:/home/sprite/.npm/_logs/2026-09-18T13_52_35_624Z-
9 verbose logfile /home/sprite/.npm/_logs/2026-09-18T13_52_35_624Z-debug-0.log
10 silly logfile done cleaning log files
11 verbose stack Error: Missing script: "typecheck"
11 verbose stack
11 verbose stack To see a list of scripts, run:
11 verbose stack   npm run
11 verbose stack     at #run (/.sprite/languages/node/nvm/versions/node/v24.18.0/lib/node_modules/npm/lib/commands/run.js:114:13)
11 verbose stack     at async RunScript.exec (/.sprite/languages/node/nvm/versions/node/v24.18.0/lib/node_modules/npm/lib/commands/run.js:44:7)
11 verbose stack     at async Npm.exec (/.sprite/languages/node/nvm/versions/node/v24.18.0/lib/node_modules/npm/lib/npm.js:194:9)
11 verbose stack     at async module.exports (/.sprite/languages/node/nvm/versions/node/v24.18.0/lib/node_modules/npm/lib/cli/entry.js:67:5)
12 error Missing script: "typecheck"
12 error
12 error To see a list of scripts, run:
12 error   npm run
13 verbose cwd /home/sprite
14 verbose os Linux 6.12.91-fly
15 verbose node v24.18.0
16 verbose npm  v12.0.1
17 verbose exit 1
18 verbose code 1
19 error A complete log of this run can be found in: /home/sprite/.npm/_logs/2026-09-18T13_52_35_624Z-debug-0.log
